// Jest Snapshot v1, https://goo.gl/fbAQLP

exports[`Shimmer Test Should Render Correctly 1`] = `
ShallowWrapper {
  "length": 1,
  Symbol(enzyme.__root__): [Circular],
  Symbol(enzyme.__unrendered__): <Shimmer />,
  Symbol(enzyme.__renderer__): Object {
    "batchedUpdates": [Function],
    "getNode": [Function],
    "render": [Function],
    "simulateEvent": [Function],
    "unmount": [Function],
  },
  Symbol(enzyme.__node__): Object {
    "instance": null,
    "key": undefined,
    "nodeType": "function",
    "props": Object {
      "children": <rect
        rx="10"
        ry="10"
        width="100%"
        x="0"
        y="0"
      />,
      "primaryColor": "rgba(242, 242, 242, 1)",
      "secondaryColor": "rgba(128,128,128, 1)",
      "speed": 1,
    },
    "ref": null,
    "rendered": Object {
      "instance": null,
      "key": undefined,
      "nodeType": "host",
      "props": Object {
        "rx": "10",
        "ry": "10",
        "width": "100%",
        "x": "0",
        "y": "0",
      },
      "ref": null,
      "rendered": null,
      "type": "rect",
    },
    "type": [Function],
  },
  Symbol(enzyme.__nodes__): Array [
    Object {
      "instance": null,
      "key": undefined,
      "nodeType": "function",
      "props": Object {
        "children": <rect
          rx="10"
          ry="10"
          width="100%"
          x="0"
          y="0"
        />,
        "primaryColor": "rgba(242, 242, 242, 1)",
        "secondaryColor": "rgba(128,128,128, 1)",
        "speed": 1,
      },
      "ref": null,
      "rendered": Object {
        "instance": null,
        "key": undefined,
        "nodeType": "host",
        "props": Object {
          "rx": "10",
          "ry": "10",
          "width": "100%",
          "x": "0",
          "y": "0",
        },
        "ref": null,
        "rendered": null,
        "type": "rect",
      },
      "type": [Function],
    },
  ],
  Symbol(enzyme.__options__): Object {
    "adapter": ReactSixteenAdapter {
      "options": Object {
        "enableComponentDidUpdateOnSetState": true,
      },
    },
  },
}
`;
